{"type":"operationStart","subtype":"profile","data":{"_id":"vuUi3bvUrc1nwVDC","timestamp":"2025-09-14T14:15:01.020Z","state":"queued","mode":"standard","creationDate":"2025-09-14T14:15:01.022Z","modificationDate":"2025-09-14T14:15:01.022Z","shortid":"dXpivbs","$entitySet":"profiles"},"doDiffs":false,"timestamp":1757859301021,"id":"bprfqaeb2ahtcet","previousOperationId":null,"operationId":"5yh9a3m0hks7s24"}
{"type":"log","level":"info","message":"Render request 45 queued for execution and waiting for available worker","previousOperationId":"5yh9a3m0hks7s24","timestamp":1757859301021,"id":"r058jgwfcpobzqv"}
{"type":"operationStart","subtype":"render","name":"excel","previousOperationId":"5yh9a3m0hks7s24","timestamp":1757859301031,"id":"rjj2zy0ogspp9lt","previousEventId":"bprfqaeb2ahtcet","operationId":"y3qm5vfkubnc6z1"}
{"type":"log","timestamp":1757859301031,"level":"info","message":"Starting rendering request 45","meta":{"rootId":"exahjvib1vot2yd","id":"exahjvib1vot2yd"},"id":"asrpcko25voxb3v","previousOperationId":"y3qm5vfkubnc6z1"}
{"type":"log","timestamp":1757859301031,"level":"info","message":"Rendering template { name: excel, recipe: html-to-xlsx, engine: handlebars, preview: true }","meta":{"rootId":"exahjvib1vot2yd","id":"exahjvib1vot2yd"},"id":"do09k4srcgygixq","previousOperationId":"y3qm5vfkubnc6z1"}
{"type":"log","timestamp":1757859301032,"level":"debug","message":"Adding sample data Rl-UNSLTp","meta":{"rootId":"exahjvib1vot2yd","id":"exahjvib1vot2yd"},"id":"4avst67fm7qpu1p","previousOperationId":"y3qm5vfkubnc6z1"}
{"type":"log","timestamp":1757859301034,"level":"debug","message":"Base url not specified, skipping its injection.","meta":{"rootId":"exahjvib1vot2yd","id":"exahjvib1vot2yd"},"id":"iba51ru5ja4w1rr","previousOperationId":"y3qm5vfkubnc6z1"}
{"type":"operationStart","subtype":"engine","name":"handlebars","timestamp":1757859301034,"id":"hv5n0uqi6ks4ncw","previousEventId":"rjj2zy0ogspp9lt","operationId":"5tszsasws8gs9it","previousOperationId":"y3qm5vfkubnc6z1"}
{"type":"log","timestamp":1757859301034,"level":"debug","message":"Rendering engine handlebars","meta":{"rootId":"exahjvib1vot2yd","id":"exahjvib1vot2yd"},"id":"8xh5f51ggtl5aw9","previousOperationId":"5tszsasws8gs9it"}
{"type":"operationEnd","operationId":"5tszsasws8gs9it","timestamp":1757859301074,"id":"58758ol5g4kxi1q","previousEventId":"hv5n0uqi6ks4ncw","previousOperationId":"5tszsasws8gs9it"}
{"type":"operationStart","subtype":"recipe","name":"html-to-xlsx","timestamp":1757859301076,"id":"j2fn9a54uxx58fs","previousEventId":"58758ol5g4kxi1q","operationId":"lk2nb4m5j5masry","previousOperationId":"5tszsasws8gs9it"}
{"type":"log","timestamp":1757859301076,"level":"debug","message":"Executing recipe html-to-xlsx","meta":{"rootId":"exahjvib1vot2yd","id":"exahjvib1vot2yd"},"id":"8n75r3nrukg2x43","previousOperationId":"lk2nb4m5j5masry"}
{"type":"log","timestamp":1757859301076,"level":"info","message":"html-to-xlsx generation is starting","meta":{"rootId":"exahjvib1vot2yd","id":"exahjvib1vot2yd"},"id":"e32fvt3k5edo01n","previousOperationId":"lk2nb4m5j5masry"}
{"type":"log","timestamp":1757859302395,"level":"info","message":"html-to-xlsx generation was finished","meta":{"rootId":"exahjvib1vot2yd","id":"exahjvib1vot2yd"},"id":"div7br36hibyrf5","previousOperationId":"lk2nb4m5j5masry"}
{"type":"log","timestamp":1757859302395,"level":"debug","message":"preparing office preview","meta":{"rootId":"exahjvib1vot2yd","id":"exahjvib1vot2yd"},"id":"ucagtxm631qc51t","previousOperationId":"lk2nb4m5j5masry"}
{"type":"operationEnd","operationId":"lk2nb4m5j5masry","timestamp":1757859302949,"id":"wd4dczbutz4t6iw","previousEventId":"j2fn9a54uxx58fs","previousOperationId":"lk2nb4m5j5masry"}
{"type":"log","timestamp":1757859302950,"level":"debug","message":"Skipping storing report.","meta":{"rootId":"exahjvib1vot2yd","id":"exahjvib1vot2yd"},"id":"y9k90bze3qi5u19","previousOperationId":"lk2nb4m5j5masry"}
{"type":"log","timestamp":1757859302950,"level":"info","message":"Rendering request 45 finished in 1930 ms","meta":{"rootId":"exahjvib1vot2yd","id":"exahjvib1vot2yd"},"id":"069row0c2hvyd3j","previousOperationId":"lk2nb4m5j5masry"}
{"type":"operationEnd","subtype":"render","operationId":"y3qm5vfkubnc6z1","timestamp":1757859302950,"id":"vcq8dz0dwccx3bh","previousEventId":"wd4dczbutz4t6iw","previousOperationId":"lk2nb4m5j5masry"}
{"type":"operationEnd","doDiffs":false,"previousEventId":"bprfqaeb2ahtcet","previousOperationId":"5yh9a3m0hks7s24","operationId":"5yh9a3m0hks7s24","timestamp":1757859302952,"id":"01oo4t77n5i04hw"}
