{"type":"operationStart","subtype":"profile","data":{"_id":"3iWisdHNaW9NsXhA","timestamp":"2025-09-14T13:58:22.674Z","state":"queued","mode":"standard","creationDate":"2025-09-14T13:58:22.677Z","modificationDate":"2025-09-14T13:58:22.677Z","shortid":"DjAMuVJ","$entitySet":"profiles"},"doDiffs":false,"timestamp":1757858302676,"id":"hqufftm6osdqkl4","previousOperationId":null,"operationId":"1mn2t78twgk38b3"}
{"type":"log","level":"info","message":"Render request 30 queued for execution and waiting for available worker","previousOperationId":"1mn2t78twgk38b3","timestamp":1757858302676,"id":"xwv40fwabrhfsdi"}
{"type":"operationStart","subtype":"render","name":"excel","previousOperationId":"1mn2t78twgk38b3","timestamp":1757858302688,"id":"tbvzlu2s0ipqokd","previousEventId":"hqufftm6osdqkl4","operationId":"21ai45wkj13rokg"}
{"type":"log","timestamp":1757858302688,"level":"info","message":"Starting rendering request 30","meta":{"rootId":"xgd2lg1jr9zuer0","id":"xgd2lg1jr9zuer0"},"id":"ug5zy3uhg3xca20","previousOperationId":"21ai45wkj13rokg"}
{"type":"log","timestamp":1757858302688,"level":"info","message":"Rendering template { name: excel, recipe: html-to-xlsx, engine: handlebars, preview: true }","meta":{"rootId":"xgd2lg1jr9zuer0","id":"xgd2lg1jr9zuer0"},"id":"i1rozm54yxnn6ka","previousOperationId":"21ai45wkj13rokg"}
{"type":"log","timestamp":1757858302689,"level":"debug","message":"Adding sample data Rl-UNSLTp","meta":{"rootId":"xgd2lg1jr9zuer0","id":"xgd2lg1jr9zuer0"},"id":"5eqow6rptuwh6a7","previousOperationId":"21ai45wkj13rokg"}
{"type":"log","timestamp":1757858302690,"level":"debug","message":"Base url not specified, skipping its injection.","meta":{"rootId":"xgd2lg1jr9zuer0","id":"xgd2lg1jr9zuer0"},"id":"f9pa86d17whmxk2","previousOperationId":"21ai45wkj13rokg"}
{"type":"operationStart","subtype":"engine","name":"handlebars","timestamp":1757858302690,"id":"ayeoge70f3aqtn9","previousEventId":"tbvzlu2s0ipqokd","operationId":"5qlr2zqcmdnwvkr","previousOperationId":"21ai45wkj13rokg"}
{"type":"log","timestamp":1757858302690,"level":"debug","message":"Rendering engine handlebars","meta":{"rootId":"xgd2lg1jr9zuer0","id":"xgd2lg1jr9zuer0"},"id":"m89brpilcg6ohdf","previousOperationId":"5qlr2zqcmdnwvkr"}
{"type":"operationEnd","operationId":"5qlr2zqcmdnwvkr","timestamp":1757858302751,"id":"c8zw34ntubv8wkd","previousEventId":"ayeoge70f3aqtn9","previousOperationId":"5qlr2zqcmdnwvkr"}
{"type":"operationStart","subtype":"recipe","name":"html-to-xlsx","timestamp":1757858302752,"id":"iaz7ewq2sowdcob","previousEventId":"c8zw34ntubv8wkd","operationId":"562znkk552edsib","previousOperationId":"5qlr2zqcmdnwvkr"}
{"type":"log","timestamp":1757858302752,"level":"debug","message":"Executing recipe html-to-xlsx","meta":{"rootId":"xgd2lg1jr9zuer0","id":"xgd2lg1jr9zuer0"},"id":"z49735dstcsz9kf","previousOperationId":"562znkk552edsib"}
{"type":"log","timestamp":1757858303500,"level":"info","message":"html-to-xlsx generation is starting","meta":{"rootId":"xgd2lg1jr9zuer0","id":"xgd2lg1jr9zuer0"},"id":"gff7tp2uf54ve9k","previousOperationId":"562znkk552edsib"}
{"type":"log","timestamp":1757858304706,"level":"info","message":"html-to-xlsx generation was finished","meta":{"rootId":"xgd2lg1jr9zuer0","id":"xgd2lg1jr9zuer0"},"id":"l5cvxlwoifgq3wt","previousOperationId":"562znkk552edsib"}
{"type":"log","timestamp":1757858304811,"level":"debug","message":"preparing office preview","meta":{"rootId":"xgd2lg1jr9zuer0","id":"xgd2lg1jr9zuer0"},"id":"7ikcjr8b9oofm9g","previousOperationId":"562znkk552edsib"}
{"type":"operationEnd","operationId":"562znkk552edsib","timestamp":1757858305404,"id":"7tc0vkntog61t3l","previousEventId":"iaz7ewq2sowdcob","previousOperationId":"562znkk552edsib"}
{"type":"log","timestamp":1757858305404,"level":"debug","message":"Skipping storing report.","meta":{"rootId":"xgd2lg1jr9zuer0","id":"xgd2lg1jr9zuer0"},"id":"dh64pf3m3v64t7t","previousOperationId":"562znkk552edsib"}
{"type":"log","timestamp":1757858305404,"level":"info","message":"Rendering request 30 finished in 2730 ms","meta":{"rootId":"xgd2lg1jr9zuer0","id":"xgd2lg1jr9zuer0"},"id":"g9l2coyysdwo2q0","previousOperationId":"562znkk552edsib"}
{"type":"operationEnd","subtype":"render","operationId":"21ai45wkj13rokg","timestamp":1757858305404,"id":"4x7gf8q3k9zduzw","previousEventId":"7tc0vkntog61t3l","previousOperationId":"562znkk552edsib"}
{"type":"operationEnd","doDiffs":false,"previousEventId":"hqufftm6osdqkl4","previousOperationId":"1mn2t78twgk38b3","operationId":"1mn2t78twgk38b3","timestamp":1757858305406,"id":"63ruttrhitot8ac"}
