{"type":"operationStart","subtype":"profile","data":{"_id":"ROX5WuEghtkXr28I","timestamp":"2025-09-14T13:58:00.025Z","state":"queued","mode":"standard","creationDate":"2025-09-14T13:58:00.027Z","modificationDate":"2025-09-14T13:58:00.027Z","shortid":"NsrRi81","$entitySet":"profiles"},"doDiffs":false,"timestamp":1757858280026,"id":"f6j07u1bygbislx","previousOperationId":null,"operationId":"yw6hm2y05cwdpns"}
{"type":"log","level":"info","message":"Render request 29 queued for execution and waiting for available worker","previousOperationId":"yw6hm2y05cwdpns","timestamp":1757858280026,"id":"fysty6rympu8xeh"}
{"type":"operationStart","subtype":"render","name":"excel","previousOperationId":"yw6hm2y05cwdpns","timestamp":1757858280038,"id":"xsz1lnt77g72gpk","previousEventId":"f6j07u1bygbislx","operationId":"xf7as6smpf1h1as"}
{"type":"log","timestamp":1757858280038,"level":"info","message":"Starting rendering request 29","meta":{"rootId":"eipa6lsf7cj9041","id":"eipa6lsf7cj9041"},"id":"z3rk3dolhesp46h","previousOperationId":"xf7as6smpf1h1as"}
{"type":"log","timestamp":1757858280039,"level":"info","message":"Rendering template { name: excel, recipe: html-to-xlsx, engine: handlebars, preview: true }","meta":{"rootId":"eipa6lsf7cj9041","id":"eipa6lsf7cj9041"},"id":"sr3lwm1r5qijfuy","previousOperationId":"xf7as6smpf1h1as"}
{"type":"log","timestamp":1757858280039,"level":"debug","message":"Adding sample data BCbbCxR8r","meta":{"rootId":"eipa6lsf7cj9041","id":"eipa6lsf7cj9041"},"id":"3aukft8bq7s8wlk","previousOperationId":"xf7as6smpf1h1as"}
{"type":"log","timestamp":1757858280041,"level":"debug","message":"Base url not specified, skipping its injection.","meta":{"rootId":"eipa6lsf7cj9041","id":"eipa6lsf7cj9041"},"id":"7mddgszqwmwkxc5","previousOperationId":"xf7as6smpf1h1as"}
{"type":"operationStart","subtype":"engine","name":"handlebars","timestamp":1757858280041,"id":"o1h3kmlea6lox4e","previousEventId":"xsz1lnt77g72gpk","operationId":"o2qu0y2i4ymt6x8","previousOperationId":"xf7as6smpf1h1as"}
{"type":"log","timestamp":1757858280041,"level":"debug","message":"Rendering engine handlebars","meta":{"rootId":"eipa6lsf7cj9041","id":"eipa6lsf7cj9041"},"id":"4nmkhx6onnzlx81","previousOperationId":"o2qu0y2i4ymt6x8"}
{"type":"operationEnd","operationId":"o2qu0y2i4ymt6x8","timestamp":1757858280072,"id":"l0de1k0j865g5ok","previousEventId":"o1h3kmlea6lox4e","previousOperationId":"o2qu0y2i4ymt6x8"}
{"type":"operationStart","subtype":"recipe","name":"html-to-xlsx","timestamp":1757858280073,"id":"qqlwtiqqic0hz66","previousEventId":"l0de1k0j865g5ok","operationId":"ypn67bq9q3zdhz9","previousOperationId":"o2qu0y2i4ymt6x8"}
{"type":"log","timestamp":1757858280073,"level":"debug","message":"Executing recipe html-to-xlsx","meta":{"rootId":"eipa6lsf7cj9041","id":"eipa6lsf7cj9041"},"id":"f9dnm2s7jgccn2c","previousOperationId":"ypn67bq9q3zdhz9"}
{"type":"log","timestamp":1757858280073,"level":"info","message":"html-to-xlsx generation is starting","meta":{"rootId":"eipa6lsf7cj9041","id":"eipa6lsf7cj9041"},"id":"wd6q4157xusy6v2","previousOperationId":"ypn67bq9q3zdhz9"}
{"type":"log","timestamp":1757858281051,"level":"info","message":"html-to-xlsx generation was finished","meta":{"rootId":"eipa6lsf7cj9041","id":"eipa6lsf7cj9041"},"id":"67l5b5c1tqn1ou4","previousOperationId":"ypn67bq9q3zdhz9"}
{"type":"log","timestamp":1757858281051,"level":"debug","message":"preparing office preview","meta":{"rootId":"eipa6lsf7cj9041","id":"eipa6lsf7cj9041"},"id":"omm6nqpd6vyeia1","previousOperationId":"ypn67bq9q3zdhz9"}
{"type":"operationEnd","operationId":"ypn67bq9q3zdhz9","timestamp":1757858281484,"id":"6tp1pv4op5byuun","previousEventId":"qqlwtiqqic0hz66","previousOperationId":"ypn67bq9q3zdhz9"}
{"type":"log","timestamp":1757858281484,"level":"debug","message":"Skipping storing report.","meta":{"rootId":"eipa6lsf7cj9041","id":"eipa6lsf7cj9041"},"id":"vwbcn03s13zfpbz","previousOperationId":"ypn67bq9q3zdhz9"}
{"type":"log","timestamp":1757858281484,"level":"info","message":"Rendering request 29 finished in 1459 ms","meta":{"rootId":"eipa6lsf7cj9041","id":"eipa6lsf7cj9041"},"id":"7ufk1slsns8ivqn","previousOperationId":"ypn67bq9q3zdhz9"}
{"type":"operationEnd","subtype":"render","operationId":"xf7as6smpf1h1as","timestamp":1757858281484,"id":"yh5ebei5ablgf8g","previousEventId":"6tp1pv4op5byuun","previousOperationId":"ypn67bq9q3zdhz9"}
{"type":"operationEnd","doDiffs":false,"previousEventId":"f6j07u1bygbislx","previousOperationId":"yw6hm2y05cwdpns","operationId":"yw6hm2y05cwdpns","timestamp":1757858281487,"id":"o1f3q89r6p8goqu"}
