{"type":"operationStart","subtype":"profile","data":{"_id":"VS7FdJroFniodpGv","timestamp":"2025-09-14T14:14:42.387Z","state":"queued","mode":"standard","creationDate":"2025-09-14T14:14:42.389Z","modificationDate":"2025-09-14T14:14:42.389Z","shortid":"nN_7M5f","$entitySet":"profiles"},"doDiffs":false,"timestamp":1757859282388,"id":"rltpo6pfbelkt5y","previousOperationId":null,"operationId":"3ysa1nfktt46oya"}
{"type":"log","level":"info","message":"Render request 43 queued for execution and waiting for available worker","previousOperationId":"3ysa1nfktt46oya","timestamp":1757859282389,"id":"tn4me727jissz9t"}
{"type":"operationStart","subtype":"render","name":"excel","previousOperationId":"3ysa1nfktt46oya","timestamp":1757859282398,"id":"hqkzl4gxyoov0ah","previousEventId":"rltpo6pfbelkt5y","operationId":"czwh3xanq5id9q0"}
{"type":"log","timestamp":1757859282398,"level":"info","message":"Starting rendering request 43","meta":{"rootId":"yj6jrp4276szqnh","id":"yj6jrp4276szqnh"},"id":"0ckeash9aqammaq","previousOperationId":"czwh3xanq5id9q0"}
{"type":"log","timestamp":1757859282399,"level":"info","message":"Rendering template { name: excel, recipe: html-to-xlsx, engine: handlebars, preview: true }","meta":{"rootId":"yj6jrp4276szqnh","id":"yj6jrp4276szqnh"},"id":"m9klfgavb9omtl4","previousOperationId":"czwh3xanq5id9q0"}
{"type":"log","timestamp":1757859282399,"level":"debug","message":"Adding sample data BCbbCxR8r","meta":{"rootId":"yj6jrp4276szqnh","id":"yj6jrp4276szqnh"},"id":"j08fryirs080xsk","previousOperationId":"czwh3xanq5id9q0"}
{"type":"log","timestamp":1757859282401,"level":"debug","message":"Base url not specified, skipping its injection.","meta":{"rootId":"yj6jrp4276szqnh","id":"yj6jrp4276szqnh"},"id":"ilk8mnsdfymk4h6","previousOperationId":"czwh3xanq5id9q0"}
{"type":"operationStart","subtype":"engine","name":"handlebars","timestamp":1757859282401,"id":"7orrunv8htmbe4z","previousEventId":"hqkzl4gxyoov0ah","operationId":"9ehrfx1tfl1uqux","previousOperationId":"czwh3xanq5id9q0"}
{"type":"log","timestamp":1757859282401,"level":"debug","message":"Rendering engine handlebars","meta":{"rootId":"yj6jrp4276szqnh","id":"yj6jrp4276szqnh"},"id":"s7u6oh63rukbdhv","previousOperationId":"9ehrfx1tfl1uqux"}
{"type":"operationEnd","operationId":"9ehrfx1tfl1uqux","timestamp":1757859282409,"id":"6so1d8y9ip3xv82","previousEventId":"7orrunv8htmbe4z","previousOperationId":"9ehrfx1tfl1uqux"}
{"type":"operationStart","subtype":"recipe","name":"html-to-xlsx","timestamp":1757859282411,"id":"sihqg4w1vvlzfpj","previousEventId":"6so1d8y9ip3xv82","operationId":"vzua4cn7f4y4xyr","previousOperationId":"9ehrfx1tfl1uqux"}
{"type":"log","timestamp":1757859282411,"level":"debug","message":"Executing recipe html-to-xlsx","meta":{"rootId":"yj6jrp4276szqnh","id":"yj6jrp4276szqnh"},"id":"0yq9cqk9ffwxvk3","previousOperationId":"vzua4cn7f4y4xyr"}
{"type":"log","timestamp":1757859282411,"level":"info","message":"html-to-xlsx generation is starting","meta":{"rootId":"yj6jrp4276szqnh","id":"yj6jrp4276szqnh"},"id":"7z8yk79bkbkcnaa","previousOperationId":"vzua4cn7f4y4xyr"}
{"type":"log","timestamp":1757859283350,"level":"info","message":"html-to-xlsx generation was finished","meta":{"rootId":"yj6jrp4276szqnh","id":"yj6jrp4276szqnh"},"id":"nxgi6f1dko9u9bz","previousOperationId":"vzua4cn7f4y4xyr"}
{"type":"log","timestamp":1757859283350,"level":"debug","message":"preparing office preview","meta":{"rootId":"yj6jrp4276szqnh","id":"yj6jrp4276szqnh"},"id":"reg06w0u1klyuq3","previousOperationId":"vzua4cn7f4y4xyr"}
{"type":"operationEnd","operationId":"vzua4cn7f4y4xyr","timestamp":1757859283725,"id":"mckkpv6hmb1kb24","previousEventId":"sihqg4w1vvlzfpj","previousOperationId":"vzua4cn7f4y4xyr"}
{"type":"log","timestamp":1757859283725,"level":"debug","message":"Skipping storing report.","meta":{"rootId":"yj6jrp4276szqnh","id":"yj6jrp4276szqnh"},"id":"j3db20o5y22krm4","previousOperationId":"vzua4cn7f4y4xyr"}
{"type":"log","timestamp":1757859283725,"level":"info","message":"Rendering request 43 finished in 1338 ms","meta":{"rootId":"yj6jrp4276szqnh","id":"yj6jrp4276szqnh"},"id":"rsukds5s6a5qj4q","previousOperationId":"vzua4cn7f4y4xyr"}
{"type":"operationEnd","subtype":"render","operationId":"czwh3xanq5id9q0","timestamp":1757859283725,"id":"3i0rid4kg4ekbws","previousEventId":"mckkpv6hmb1kb24","previousOperationId":"vzua4cn7f4y4xyr"}
{"type":"operationEnd","doDiffs":false,"previousEventId":"rltpo6pfbelkt5y","previousOperationId":"3ysa1nfktt46oya","operationId":"3ysa1nfktt46oya","timestamp":1757859283727,"id":"7090woewrysmhgy"}
