{"type":"operationStart","subtype":"profile","data":{"_id":"XKpnb4yqx0r6w9Gr","timestamp":"2025-09-14T14:14:25.568Z","state":"queued","mode":"standard","creationDate":"2025-09-14T14:14:25.570Z","modificationDate":"2025-09-14T14:14:25.570Z","shortid":"_VrNa1M","$entitySet":"profiles"},"doDiffs":false,"timestamp":1757859265569,"id":"tn992ypd0ppr850","previousOperationId":null,"operationId":"yetwte2lq9hsdbl"}
{"type":"log","level":"info","message":"Render request 41 queued for execution and waiting for available worker","previousOperationId":"yetwte2lq9hsdbl","timestamp":1757859265569,"id":"6j5xce8puxjs69p"}
{"type":"operationStart","subtype":"render","name":"File_1_Excel","previousOperationId":"yetwte2lq9hsdbl","timestamp":1757859265579,"id":"30beqzxzln4nx6w","previousEventId":"tn992ypd0ppr850","operationId":"i39hc3ayb517zie"}
{"type":"log","timestamp":1757859265579,"level":"info","message":"Starting rendering request 41","meta":{"rootId":"3ep4q8ieryd2f5p","id":"3ep4q8ieryd2f5p"},"id":"9k5bw4hzxgeahlg","previousOperationId":"i39hc3ayb517zie"}
{"type":"log","timestamp":1757859265579,"level":"info","message":"Rendering template { name: File_1_Excel, recipe: html-to-xlsx, engine: handlebars, preview: true }","meta":{"rootId":"3ep4q8ieryd2f5p","id":"3ep4q8ieryd2f5p"},"id":"6beqt1sr0jp69fr","previousOperationId":"i39hc3ayb517zie"}
{"type":"log","timestamp":1757859265580,"level":"debug","message":"Adding sample data JrzUlKedH","meta":{"rootId":"3ep4q8ieryd2f5p","id":"3ep4q8ieryd2f5p"},"id":"yzns2fwrhfc7b9a","previousOperationId":"i39hc3ayb517zie"}
{"type":"log","timestamp":1757859265582,"level":"debug","message":"Base url not specified, skipping its injection.","meta":{"rootId":"3ep4q8ieryd2f5p","id":"3ep4q8ieryd2f5p"},"id":"4p57dh4pxksc3x5","previousOperationId":"i39hc3ayb517zie"}
{"type":"operationStart","subtype":"engine","name":"handlebars","timestamp":1757859265582,"id":"g0jyq3il11zhv23","previousEventId":"30beqzxzln4nx6w","operationId":"0k008ya5xpqhkom","previousOperationId":"i39hc3ayb517zie"}
{"type":"log","timestamp":1757859265582,"level":"debug","message":"Rendering engine handlebars","meta":{"rootId":"3ep4q8ieryd2f5p","id":"3ep4q8ieryd2f5p"},"id":"t8hxxpnefyiyhgo","previousOperationId":"0k008ya5xpqhkom"}
{"type":"operationEnd","operationId":"0k008ya5xpqhkom","timestamp":1757859265591,"id":"2h3io4ca56e5wz7","previousEventId":"g0jyq3il11zhv23","previousOperationId":"0k008ya5xpqhkom"}
{"type":"operationStart","subtype":"recipe","name":"html-to-xlsx","timestamp":1757859265592,"id":"ycse23l52xjmqtb","previousEventId":"2h3io4ca56e5wz7","operationId":"sj5urtr8cvi7kfs","previousOperationId":"0k008ya5xpqhkom"}
{"type":"log","timestamp":1757859265592,"level":"debug","message":"Executing recipe html-to-xlsx","meta":{"rootId":"3ep4q8ieryd2f5p","id":"3ep4q8ieryd2f5p"},"id":"psjw3ww6vgv6c2k","previousOperationId":"sj5urtr8cvi7kfs"}
{"type":"log","timestamp":1757859265592,"level":"info","message":"html-to-xlsx generation is starting","meta":{"rootId":"3ep4q8ieryd2f5p","id":"3ep4q8ieryd2f5p"},"id":"fpzx9154yd7ulgj","previousOperationId":"sj5urtr8cvi7kfs"}
{"type":"log","timestamp":1757859266612,"level":"info","message":"html-to-xlsx generation was finished","meta":{"rootId":"3ep4q8ieryd2f5p","id":"3ep4q8ieryd2f5p"},"id":"kwi795h9v7v03rn","previousOperationId":"sj5urtr8cvi7kfs"}
{"type":"log","timestamp":1757859266612,"level":"debug","message":"preparing office preview","meta":{"rootId":"3ep4q8ieryd2f5p","id":"3ep4q8ieryd2f5p"},"id":"yuqtrkxsdgechzs","previousOperationId":"sj5urtr8cvi7kfs"}
{"type":"operationEnd","operationId":"sj5urtr8cvi7kfs","timestamp":1757859267196,"id":"kjlhg3yh5nd3her","previousEventId":"ycse23l52xjmqtb","previousOperationId":"sj5urtr8cvi7kfs"}
{"type":"log","timestamp":1757859267196,"level":"debug","message":"Skipping storing report.","meta":{"rootId":"3ep4q8ieryd2f5p","id":"3ep4q8ieryd2f5p"},"id":"of41vi7dcvbuki5","previousOperationId":"sj5urtr8cvi7kfs"}
{"type":"log","timestamp":1757859267196,"level":"info","message":"Rendering request 41 finished in 1628 ms","meta":{"rootId":"3ep4q8ieryd2f5p","id":"3ep4q8ieryd2f5p"},"id":"12fr1eqae4jq1mn","previousOperationId":"sj5urtr8cvi7kfs"}
{"type":"operationEnd","subtype":"render","operationId":"i39hc3ayb517zie","timestamp":1757859267196,"id":"3pth15izcqxcv8l","previousEventId":"kjlhg3yh5nd3her","previousOperationId":"sj5urtr8cvi7kfs"}
{"type":"operationEnd","doDiffs":false,"previousEventId":"tn992ypd0ppr850","previousOperationId":"yetwte2lq9hsdbl","operationId":"yetwte2lq9hsdbl","timestamp":1757859267198,"id":"ewjintikofqvncr"}
