{"type":"operationStart","subtype":"profile","data":{"_id":"NEhwxkykCxBe915V","timestamp":"2025-09-14T13:05:55.877Z","state":"queued","mode":"standard","creationDate":"2025-09-14T13:05:55.881Z","modificationDate":"2025-09-14T13:05:55.881Z","shortid":"MLRIRkE","$entitySet":"profiles"},"doDiffs":false,"timestamp":1757855155879,"id":"zl7lpu0nvj4h84a","previousOperationId":null,"operationId":"soxml9i9j4itgq9"}
{"type":"log","level":"info","message":"Render request 1 queued for execution and waiting for available worker","previousOperationId":"soxml9i9j4itgq9","timestamp":1757855155879,"id":"wuqajwt7gxqilfn"}
{"type":"operationStart","subtype":"render","name":"File_1_Excel","previousOperationId":"soxml9i9j4itgq9","timestamp":1757855155905,"id":"x24t5duudgsz9c8","previousEventId":"zl7lpu0nvj4h84a","operationId":"rlwlfbzwvpl7db7"}
{"type":"log","timestamp":1757855155906,"level":"info","message":"Starting rendering request 1","meta":{"rootId":"bh4zbvsz1ly6wyz","id":"bh4zbvsz1ly6wyz"},"id":"kj9uz6focg3t8tt","previousOperationId":"rlwlfbzwvpl7db7"}
{"type":"log","timestamp":1757855155906,"level":"info","message":"Rendering template { name: File_1_Excel, recipe: html-to-xlsx, engine: handlebars, preview: true }","meta":{"rootId":"bh4zbvsz1ly6wyz","id":"bh4zbvsz1ly6wyz"},"id":"zdoanehc0ytlm9n","previousOperationId":"rlwlfbzwvpl7db7"}
{"type":"log","timestamp":1757855155909,"level":"debug","message":"Adding sample data JrzUlKedH","meta":{"rootId":"bh4zbvsz1ly6wyz","id":"bh4zbvsz1ly6wyz"},"id":"j51pmmkfw2dr7qk","previousOperationId":"rlwlfbzwvpl7db7"}
{"type":"log","timestamp":1757855155911,"level":"debug","message":"Base url not specified, skipping its injection.","meta":{"rootId":"bh4zbvsz1ly6wyz","id":"bh4zbvsz1ly6wyz"},"id":"4yi6jhp49q293r0","previousOperationId":"rlwlfbzwvpl7db7"}
{"type":"operationStart","subtype":"engine","name":"handlebars","timestamp":1757855155913,"id":"yvxyw1u53zmsqgc","previousEventId":"x24t5duudgsz9c8","operationId":"kkj8nocadp39wv9","previousOperationId":"rlwlfbzwvpl7db7"}
{"type":"log","timestamp":1757855155913,"level":"debug","message":"Rendering engine handlebars","meta":{"rootId":"bh4zbvsz1ly6wyz","id":"bh4zbvsz1ly6wyz"},"id":"bxj3oqy4xm824oq","previousOperationId":"kkj8nocadp39wv9"}
{"type":"operationEnd","operationId":"kkj8nocadp39wv9","timestamp":1757855156540,"id":"3q4zgc0kkhfmp1y","previousEventId":"yvxyw1u53zmsqgc","previousOperationId":"kkj8nocadp39wv9"}
{"type":"operationStart","subtype":"recipe","name":"html-to-xlsx","timestamp":1757855156541,"id":"lmfkff5mvop5y6w","previousEventId":"3q4zgc0kkhfmp1y","operationId":"glni11gi7ohe1gs","previousOperationId":"kkj8nocadp39wv9"}
{"type":"log","timestamp":1757855156541,"level":"debug","message":"Executing recipe html-to-xlsx","meta":{"rootId":"bh4zbvsz1ly6wyz","id":"bh4zbvsz1ly6wyz"},"id":"32uw57y24kclfju","previousOperationId":"glni11gi7ohe1gs"}
{"type":"log","timestamp":1757855157180,"level":"info","message":"html-to-xlsx generation is starting","meta":{"rootId":"bh4zbvsz1ly6wyz","id":"bh4zbvsz1ly6wyz"},"id":"dlgpdrn9sofgudd","previousOperationId":"glni11gi7ohe1gs"}
{"type":"log","timestamp":1757855158507,"level":"info","message":"html-to-xlsx generation was finished","meta":{"rootId":"bh4zbvsz1ly6wyz","id":"bh4zbvsz1ly6wyz"},"id":"rtpzpuvfuuumef0","previousOperationId":"glni11gi7ohe1gs"}
{"type":"log","timestamp":1757855158606,"level":"debug","message":"preparing office preview","meta":{"rootId":"bh4zbvsz1ly6wyz","id":"bh4zbvsz1ly6wyz"},"id":"m9yurrq7rzsdwf5","previousOperationId":"glni11gi7ohe1gs"}
{"type":"operationEnd","operationId":"glni11gi7ohe1gs","timestamp":1757855159232,"id":"nmv1bvqu4zk80ig","previousEventId":"lmfkff5mvop5y6w","previousOperationId":"glni11gi7ohe1gs"}
{"type":"log","timestamp":1757855159233,"level":"debug","message":"Skipping storing report.","meta":{"rootId":"bh4zbvsz1ly6wyz","id":"bh4zbvsz1ly6wyz"},"id":"vuknaay7gx98rha","previousOperationId":"glni11gi7ohe1gs"}
{"type":"log","timestamp":1757855159233,"level":"info","message":"Rendering request 1 finished in 3357 ms","meta":{"rootId":"bh4zbvsz1ly6wyz","id":"bh4zbvsz1ly6wyz"},"id":"dybwrdu6ldgqlcq","previousOperationId":"glni11gi7ohe1gs"}
{"type":"operationEnd","subtype":"render","operationId":"rlwlfbzwvpl7db7","timestamp":1757855159233,"id":"1i60t84w2sxy233","previousEventId":"nmv1bvqu4zk80ig","previousOperationId":"glni11gi7ohe1gs"}
{"type":"operationEnd","doDiffs":false,"previousEventId":"zl7lpu0nvj4h84a","previousOperationId":"soxml9i9j4itgq9","operationId":"soxml9i9j4itgq9","timestamp":1757855159238,"id":"3qnxv2jkvp2bkro"}
