{"type":"operationStart","subtype":"profile","data":{"_id":"AJp5iC5EMPZ4rOfm","timestamp":"2025-09-14T13:11:39.449Z","state":"queued","mode":"standard","creationDate":"2025-09-14T13:11:39.451Z","modificationDate":"2025-09-14T13:11:39.451Z","shortid":"prAOL0d","$entitySet":"profiles"},"doDiffs":false,"timestamp":1757855499451,"id":"bwgf6e5yebzgfsi","previousOperationId":null,"operationId":"c3mu0a0vivq8aze"}
{"type":"log","level":"info","message":"Render request 5 queued for execution and waiting for available worker","previousOperationId":"c3mu0a0vivq8aze","timestamp":1757855499451,"id":"343lz15ijvidw4v"}
{"type":"operationStart","subtype":"render","name":"File_1_Excel","previousOperationId":"c3mu0a0vivq8aze","timestamp":1757855499463,"id":"4oqte6dg9oajc34","previousEventId":"bwgf6e5yebzgfsi","operationId":"t75uptwwivfluot"}
{"type":"log","timestamp":1757855499463,"level":"info","message":"Starting rendering request 5","meta":{"rootId":"hwb7ju8wk6d5xau","id":"hwb7ju8wk6d5xau"},"id":"wmwqz6z0m34dsme","previousOperationId":"t75uptwwivfluot"}
{"type":"log","timestamp":1757855499464,"level":"info","message":"Rendering template { name: File_1_Excel, recipe: html-to-xlsx, engine: handlebars, preview: true }","meta":{"rootId":"hwb7ju8wk6d5xau","id":"hwb7ju8wk6d5xau"},"id":"nexy3s7t1dcui7e","previousOperationId":"t75uptwwivfluot"}
{"type":"log","timestamp":1757855499464,"level":"debug","message":"Adding sample data JrzUlKedH","meta":{"rootId":"hwb7ju8wk6d5xau","id":"hwb7ju8wk6d5xau"},"id":"r9mwk8lwynp4c1c","previousOperationId":"t75uptwwivfluot"}
{"type":"log","timestamp":1757855499467,"level":"debug","message":"Base url not specified, skipping its injection.","meta":{"rootId":"hwb7ju8wk6d5xau","id":"hwb7ju8wk6d5xau"},"id":"xpp259dz7k4njuu","previousOperationId":"t75uptwwivfluot"}
{"type":"operationStart","subtype":"engine","name":"handlebars","timestamp":1757855499467,"id":"wy02a4de4f23dlp","previousEventId":"4oqte6dg9oajc34","operationId":"1g5su2emu26vybu","previousOperationId":"t75uptwwivfluot"}
{"type":"log","timestamp":1757855499467,"level":"debug","message":"Rendering engine handlebars","meta":{"rootId":"hwb7ju8wk6d5xau","id":"hwb7ju8wk6d5xau"},"id":"f9eeazensmzkkf2","previousOperationId":"1g5su2emu26vybu"}
{"type":"operationEnd","operationId":"1g5su2emu26vybu","timestamp":1757855499477,"id":"i7uvykzdx1ptrz7","previousEventId":"wy02a4de4f23dlp","previousOperationId":"1g5su2emu26vybu"}
{"type":"operationStart","subtype":"recipe","name":"html-to-xlsx","timestamp":1757855499479,"id":"bz5kopw5scwtn7z","previousEventId":"i7uvykzdx1ptrz7","operationId":"wlh8s2y1oqlqsqm","previousOperationId":"1g5su2emu26vybu"}
{"type":"log","timestamp":1757855499479,"level":"debug","message":"Executing recipe html-to-xlsx","meta":{"rootId":"hwb7ju8wk6d5xau","id":"hwb7ju8wk6d5xau"},"id":"5bymuhxqhpldnhv","previousOperationId":"wlh8s2y1oqlqsqm"}
{"type":"log","timestamp":1757855499479,"level":"info","message":"html-to-xlsx generation is starting","meta":{"rootId":"hwb7ju8wk6d5xau","id":"hwb7ju8wk6d5xau"},"id":"bj6o58137e4ie3w","previousOperationId":"wlh8s2y1oqlqsqm"}
{"type":"log","timestamp":1757855500551,"level":"info","message":"html-to-xlsx generation was finished","meta":{"rootId":"hwb7ju8wk6d5xau","id":"hwb7ju8wk6d5xau"},"id":"4e3ix0249v8tdoo","previousOperationId":"wlh8s2y1oqlqsqm"}
{"type":"log","timestamp":1757855500552,"level":"debug","message":"preparing office preview","meta":{"rootId":"hwb7ju8wk6d5xau","id":"hwb7ju8wk6d5xau"},"id":"k4wn37cd8i228yz","previousOperationId":"wlh8s2y1oqlqsqm"}
{"type":"operationEnd","operationId":"wlh8s2y1oqlqsqm","timestamp":1757855501290,"id":"pmgmt0i3zvyre9j","previousEventId":"bz5kopw5scwtn7z","previousOperationId":"wlh8s2y1oqlqsqm"}
{"type":"log","timestamp":1757855501290,"level":"debug","message":"Skipping storing report.","meta":{"rootId":"hwb7ju8wk6d5xau","id":"hwb7ju8wk6d5xau"},"id":"ivq7sp2ybg9is99","previousOperationId":"wlh8s2y1oqlqsqm"}
{"type":"log","timestamp":1757855501290,"level":"info","message":"Rendering request 5 finished in 1841 ms","meta":{"rootId":"hwb7ju8wk6d5xau","id":"hwb7ju8wk6d5xau"},"id":"iwko9bdbow5zc71","previousOperationId":"wlh8s2y1oqlqsqm"}
{"type":"operationEnd","subtype":"render","operationId":"t75uptwwivfluot","timestamp":1757855501290,"id":"zpgsopk82dmbvu6","previousEventId":"pmgmt0i3zvyre9j","previousOperationId":"wlh8s2y1oqlqsqm"}
{"type":"operationEnd","doDiffs":false,"previousEventId":"bwgf6e5yebzgfsi","previousOperationId":"c3mu0a0vivq8aze","operationId":"c3mu0a0vivq8aze","timestamp":1757855501294,"id":"sxtc1cjcvmx1oaq"}
