{"type":"operationStart","subtype":"profile","data":{"_id":"wsMjUCtX95ixPExc","timestamp":"2025-09-14T13:51:00.643Z","state":"queued","mode":"standard","creationDate":"2025-09-14T13:51:00.645Z","modificationDate":"2025-09-14T13:51:00.645Z","shortid":"_xFyl7l","$entitySet":"profiles"},"doDiffs":false,"timestamp":1757857860645,"id":"r73kvklhdgldd0j","previousOperationId":null,"operationId":"r36rlmrtpw2w0hj"}
{"type":"log","level":"info","message":"Render request 25 queued for execution and waiting for available worker","previousOperationId":"r36rlmrtpw2w0hj","timestamp":1757857860645,"id":"44mms3gfcf7m89u"}
{"type":"operationStart","subtype":"render","name":"File_1_Excel","previousOperationId":"r36rlmrtpw2w0hj","timestamp":1757857860655,"id":"zxe5r8ynd0d1old","previousEventId":"r73kvklhdgldd0j","operationId":"xxvm50t2ztyycl0"}
{"type":"log","timestamp":1757857860655,"level":"info","message":"Starting rendering request 25","meta":{"rootId":"klj4q390ky1l7cl","id":"klj4q390ky1l7cl"},"id":"a7ipvzgglh1hq7s","previousOperationId":"xxvm50t2ztyycl0"}
{"type":"log","timestamp":1757857860655,"level":"info","message":"Rendering template { name: File_1_Excel, recipe: html-to-xlsx, engine: handlebars, preview: true }","meta":{"rootId":"klj4q390ky1l7cl","id":"klj4q390ky1l7cl"},"id":"e9sxhx8itxxfz5m","previousOperationId":"xxvm50t2ztyycl0"}
{"type":"log","timestamp":1757857860656,"level":"debug","message":"Adding sample data JrzUlKedH","meta":{"rootId":"klj4q390ky1l7cl","id":"klj4q390ky1l7cl"},"id":"uwndhb0lovukfkh","previousOperationId":"xxvm50t2ztyycl0"}
{"type":"log","timestamp":1757857860657,"level":"debug","message":"Base url not specified, skipping its injection.","meta":{"rootId":"klj4q390ky1l7cl","id":"klj4q390ky1l7cl"},"id":"9fk9dq1w8wa0g8m","previousOperationId":"xxvm50t2ztyycl0"}
{"type":"operationStart","subtype":"engine","name":"handlebars","timestamp":1757857860658,"id":"5v6geqe9wpnrjxf","previousEventId":"zxe5r8ynd0d1old","operationId":"impbnc1hkbv41so","previousOperationId":"xxvm50t2ztyycl0"}
{"type":"log","timestamp":1757857860658,"level":"debug","message":"Rendering engine handlebars","meta":{"rootId":"klj4q390ky1l7cl","id":"klj4q390ky1l7cl"},"id":"3wkqj7x2442w393","previousOperationId":"impbnc1hkbv41so"}
{"type":"operationEnd","operationId":"impbnc1hkbv41so","timestamp":1757857860667,"id":"7h3cw50bupz4ouf","previousEventId":"5v6geqe9wpnrjxf","previousOperationId":"impbnc1hkbv41so"}
{"type":"operationStart","subtype":"recipe","name":"html-to-xlsx","timestamp":1757857860669,"id":"hcmsn94ajdscib6","previousEventId":"7h3cw50bupz4ouf","operationId":"zw53hvtyvzh4kqo","previousOperationId":"impbnc1hkbv41so"}
{"type":"log","timestamp":1757857860669,"level":"debug","message":"Executing recipe html-to-xlsx","meta":{"rootId":"klj4q390ky1l7cl","id":"klj4q390ky1l7cl"},"id":"mn4vlywt07btw1u","previousOperationId":"zw53hvtyvzh4kqo"}
{"type":"log","timestamp":1757857860669,"level":"info","message":"html-to-xlsx generation is starting","meta":{"rootId":"klj4q390ky1l7cl","id":"klj4q390ky1l7cl"},"id":"pjn7pw1otmteqeu","previousOperationId":"zw53hvtyvzh4kqo"}
{"type":"log","timestamp":1757857861748,"level":"info","message":"html-to-xlsx generation was finished","meta":{"rootId":"klj4q390ky1l7cl","id":"klj4q390ky1l7cl"},"id":"8g5pat64w01mpne","previousOperationId":"zw53hvtyvzh4kqo"}
{"type":"log","timestamp":1757857861749,"level":"debug","message":"preparing office preview","meta":{"rootId":"klj4q390ky1l7cl","id":"klj4q390ky1l7cl"},"id":"o4f1r92ud9sh69u","previousOperationId":"zw53hvtyvzh4kqo"}
{"type":"operationEnd","operationId":"zw53hvtyvzh4kqo","timestamp":1757857862363,"id":"7d4q7vzuh8f8pmy","previousEventId":"hcmsn94ajdscib6","previousOperationId":"zw53hvtyvzh4kqo"}
{"type":"log","timestamp":1757857862363,"level":"debug","message":"Skipping storing report.","meta":{"rootId":"klj4q390ky1l7cl","id":"klj4q390ky1l7cl"},"id":"lbv5rt9rilq1cc1","previousOperationId":"zw53hvtyvzh4kqo"}
{"type":"log","timestamp":1757857862363,"level":"info","message":"Rendering request 25 finished in 1720 ms","meta":{"rootId":"klj4q390ky1l7cl","id":"klj4q390ky1l7cl"},"id":"thf0759c1ifr8ch","previousOperationId":"zw53hvtyvzh4kqo"}
{"type":"operationEnd","subtype":"render","operationId":"xxvm50t2ztyycl0","timestamp":1757857862363,"id":"7q33rgljluy24ij","previousEventId":"7d4q7vzuh8f8pmy","previousOperationId":"zw53hvtyvzh4kqo"}
{"type":"operationEnd","doDiffs":false,"previousEventId":"r73kvklhdgldd0j","previousOperationId":"r36rlmrtpw2w0hj","operationId":"r36rlmrtpw2w0hj","timestamp":1757857862366,"id":"usjjgyd3hatednn"}
