{"type":"operationStart","subtype":"profile","data":{"_id":"YtJztzgK8khmGwDj","timestamp":"2025-09-14T14:15:27.752Z","state":"queued","mode":"standard","creationDate":"2025-09-14T14:15:27.754Z","modificationDate":"2025-09-14T14:15:27.754Z","shortid":"QrP36QW","$entitySet":"profiles"},"doDiffs":false,"timestamp":1757859327753,"id":"6x4q1j8nd0c2pvp","previousOperationId":null,"operationId":"j7wmzgtwh765uy6"}
{"type":"log","level":"info","message":"Render request 47 queued for execution and waiting for available worker","previousOperationId":"j7wmzgtwh765uy6","timestamp":1757859327754,"id":"ujqgx0iuawo3qcb"}
{"type":"operationStart","subtype":"render","name":"excel","previousOperationId":"j7wmzgtwh765uy6","timestamp":1757859327766,"id":"4ysdldyj1o3bllg","previousEventId":"6x4q1j8nd0c2pvp","operationId":"1yqibxu3nhicujl"}
{"type":"log","timestamp":1757859327766,"level":"info","message":"Starting rendering request 47","meta":{"rootId":"ju59qwws6yq6odd","id":"ju59qwws6yq6odd"},"id":"3w5ufosdye1wn2f","previousOperationId":"1yqibxu3nhicujl"}
{"type":"log","timestamp":1757859327766,"level":"info","message":"Rendering template { name: excel, recipe: html-to-xlsx, engine: handlebars, preview: true }","meta":{"rootId":"ju59qwws6yq6odd","id":"ju59qwws6yq6odd"},"id":"jrzer9g65bivhld","previousOperationId":"1yqibxu3nhicujl"}
{"type":"log","timestamp":1757859327767,"level":"debug","message":"Adding sample data OFbMFs8-k","meta":{"rootId":"ju59qwws6yq6odd","id":"ju59qwws6yq6odd"},"id":"x1yy4oxonah91by","previousOperationId":"1yqibxu3nhicujl"}
{"type":"log","timestamp":1757859327769,"level":"debug","message":"Base url not specified, skipping its injection.","meta":{"rootId":"ju59qwws6yq6odd","id":"ju59qwws6yq6odd"},"id":"1k44lde9kbb436o","previousOperationId":"1yqibxu3nhicujl"}
{"type":"operationStart","subtype":"engine","name":"handlebars","timestamp":1757859327769,"id":"fcib36c0tpm9eyn","previousEventId":"4ysdldyj1o3bllg","operationId":"gen0uwilwj9l7b7","previousOperationId":"1yqibxu3nhicujl"}
{"type":"log","timestamp":1757859327769,"level":"debug","message":"Rendering engine handlebars","meta":{"rootId":"ju59qwws6yq6odd","id":"ju59qwws6yq6odd"},"id":"1iqvb178qx86omo","previousOperationId":"gen0uwilwj9l7b7"}
{"type":"operationEnd","operationId":"gen0uwilwj9l7b7","timestamp":1757859327826,"id":"efoy7irc2526jue","previousEventId":"fcib36c0tpm9eyn","previousOperationId":"gen0uwilwj9l7b7"}
{"type":"operationStart","subtype":"recipe","name":"html-to-xlsx","timestamp":1757859327828,"id":"i4o2aq6z9obiq3u","previousEventId":"efoy7irc2526jue","operationId":"mh6bt4lras0ocz8","previousOperationId":"gen0uwilwj9l7b7"}
{"type":"log","timestamp":1757859327828,"level":"debug","message":"Executing recipe html-to-xlsx","meta":{"rootId":"ju59qwws6yq6odd","id":"ju59qwws6yq6odd"},"id":"k70uz0d4vuqbavj","previousOperationId":"mh6bt4lras0ocz8"}
{"type":"log","timestamp":1757859327828,"level":"info","message":"html-to-xlsx generation is starting","meta":{"rootId":"ju59qwws6yq6odd","id":"ju59qwws6yq6odd"},"id":"in8g2c2cr2iktxb","previousOperationId":"mh6bt4lras0ocz8"}
{"type":"log","timestamp":1757859328780,"level":"info","message":"html-to-xlsx generation was finished","meta":{"rootId":"ju59qwws6yq6odd","id":"ju59qwws6yq6odd"},"id":"opko4ihfzajsqol","previousOperationId":"mh6bt4lras0ocz8"}
{"type":"log","timestamp":1757859328781,"level":"debug","message":"preparing office preview","meta":{"rootId":"ju59qwws6yq6odd","id":"ju59qwws6yq6odd"},"id":"h235ploq9mhhpek","previousOperationId":"mh6bt4lras0ocz8"}
{"type":"operationEnd","operationId":"mh6bt4lras0ocz8","timestamp":1757859329153,"id":"3vatyw6498sqbd0","previousEventId":"i4o2aq6z9obiq3u","previousOperationId":"mh6bt4lras0ocz8"}
{"type":"log","timestamp":1757859329153,"level":"debug","message":"Skipping storing report.","meta":{"rootId":"ju59qwws6yq6odd","id":"ju59qwws6yq6odd"},"id":"bg6bv2tioe5nws5","previousOperationId":"mh6bt4lras0ocz8"}
{"type":"log","timestamp":1757859329153,"level":"info","message":"Rendering request 47 finished in 1401 ms","meta":{"rootId":"ju59qwws6yq6odd","id":"ju59qwws6yq6odd"},"id":"i0z38utkhrmeml6","previousOperationId":"mh6bt4lras0ocz8"}
{"type":"operationEnd","subtype":"render","operationId":"1yqibxu3nhicujl","timestamp":1757859329153,"id":"w5nr61uo4wyu0ci","previousEventId":"3vatyw6498sqbd0","previousOperationId":"mh6bt4lras0ocz8"}
{"type":"operationEnd","doDiffs":false,"previousEventId":"6x4q1j8nd0c2pvp","previousOperationId":"j7wmzgtwh765uy6","operationId":"j7wmzgtwh765uy6","timestamp":1757859329156,"id":"giqk8c5vad7e026"}
